<p>Api link to Akka <span class="group-java"><a href="https://doc.akka.io/japi/akka/2.5/?akka/stream/javadsl/Flow.html">Flow</a></span><span class="group-scala"><a href="https://doc.akka.io/api/akka/2.5/akka/stream/scaladsl/Flow.html">Flow</a></span></p>
